[MySim Result V3.5]
MAX_TIME 1000;
VECTOR OUT CARRY02 SUM00 SUM01;
WATCH A00 A01 B00 B01 CARRY02 SUM00 SUM01 OUT;
TABLE_ORDER A00 A01 B00 B01 CARRY02 SUM00 SUM01;
START
0 0000000
10 1000010
20 0100001
30 1100011
40 0010010
50 1010001
60 0110011
70 1110100
80 0001001
90 1001011
100 0101100
110 1101110
120 0011011
130 1011100
140 0111110
150 1111101
160 0000000
170 1000010
180 0100001
190 1100011
200 0010010
210 1010001
220 0110011
230 1110100
240 0001001
250 1001011
260 0101100
270 1101110
280 0011011
290 1011100
300 0111110
310 1111101
320 0000000
330 1000010
340 0100001
350 1100011
360 0010010
370 1010001
380 0110011
390 1110100
400 0001001
410 1001011
420 0101100
430 1101110
440 0011011
450 1011100
460 0111110
470 1111101
480 0000000
490 1000010
500 0100001
510 1100011
520 0010010
530 1010001
540 0110011
550 1110100
560 0001001
570 1001011
580 0101100
590 1101110
600 0011011
610 1011100
620 0111110
630 1111101
640 0000000
650 1000010
660 0100001
670 1100011
680 0010010
690 1010001
700 0110011
710 1110100
720 0001001
730 1001011
740 0101100
750 1101110
760 0011011
770 1011100
780 0111110
790 1111101
800 0000000
810 1000010
820 0100001
830 1100011
840 0010010
850 1010001
860 0110011
870 1110100
880 0001001
890 1001011
900 0101100
910 1101110
920 0011011
930 1011100
940 0111110
950 1111101
960 0000000
970 1000010
980 0100001
990 1100011
1000 XXXXXXX
END
