[MySim Result V3.5]
MAX_TIME 1110;
WATCH A B Cin C S;
TABLE_ORDER A B Cin C S;
START
0 00000
10 10001
20 01001
30 11010
40 00101
50 10110
60 01110
70 11111
80 00000
90 10001
100 01001
110 11010
120 00101
130 10110
140 01110
150 11111
160 00000
170 10001
180 01001
190 11010
200 00101
210 10110
220 01110
230 11111
240 00000
250 10001
260 01001
270 11010
280 00101
290 10110
300 01110
310 11111
320 00000
330 10001
340 01001
350 11010
360 00101
370 10110
380 01110
390 11111
400 00000
410 10001
420 01001
430 11010
440 00101
450 10110
460 01110
470 11111
480 00000
490 10001
500 01001
510 11010
520 00101
530 10110
540 01110
550 11111
560 00000
570 10001
580 01001
590 11010
600 00101
610 10110
620 01110
630 11111
640 00000
650 10001
660 01001
670 11010
680 00101
690 10110
700 01110
710 11111
720 00000
730 10001
740 01001
750 11010
760 00101
770 10110
780 01110
790 11111
800 00000
810 10001
820 01001
830 11010
840 00101
850 10110
860 01110
870 11111
880 00000
890 10001
900 01001
910 11010
920 00101
930 10110
940 01110
950 11111
960 00000
970 10001
980 01001
990 11010
1000 XXXXX
1110 XXXXX
END
