[MySim Result V3.5]
MAX_TIME 10000000;
VECTOR IN W X Y Z;
WATCH A B C D E F G W X
 Y Z IN;
TABLE_ORDER A B C D E F G W X Y Z;
START
0 11111100000
10 01100000001
20 11011010010
30 11110010011
40 01100110100
50 10110110101
60 10111110110
70 11100100111
80 11111111000
90 11110111001
100 11011111010
110 11110111011
120 11110111100
130 10110111101
140 10111111110
150 11110111111
160 11111100000
170 01100000001
180 11011010010
190 11110010011
200 01100110100
210 10110110101
220 10111110110
230 11100100111
240 11111111000
250 11110111001
260 11011111010
270 11110111011
280 11110111100
290 10110111101
300 10111111110
310 11110111111
320 11111100000
330 01100000001
340 11011010010
350 11110010011
360 01100110100
370 10110110101
380 10111110110
390 11100100111
400 11111111000
410 11110111001
420 11011111010
430 11110111011
440 11110111100
450 10110111101
460 10111111110
470 11110111111
480 11111100000
490 01100000001
500 11011010010
510 11110010011
520 01100110100
530 10110110101
540 10111110110
550 11100100111
560 11111111000
570 11110111001
580 11011111010
590 11110111011
600 11110111100
610 10110111101
620 10111111110
630 11110111111
640 11111100000
650 01100000001
660 11011010010
670 11110010011
680 01100110100
690 10110110101
700 10111110110
710 11100100111
720 11111111000
730 11110111001
740 11011111010
750 11110111011
760 11110111100
770 10110111101
780 10111111110
790 11110111111
800 11111100000
810 01100000001
820 11011010010
830 11110010011
840 01100110100
850 10110110101
860 10111110110
870 11100100111
880 11111111000
890 11110111001
900 11011111010
910 11110111011
920 11110111100
930 10110111101
940 10111111110
950 11110111111
960 11111100000
970 01100000001
980 11011010010
990 11110010011
1000 X11X011X100
10000000 X11X011X100
END
