[MySim Result V3.5]
MAX_TIME 10000;
VECTOR IN SW3 SW2 SW1;
WATCH SW1 SW2 SW3 LED1 LED2 IN;
TABLE_ORDER SW1 SW2 SW3 LED1 LED2;
START
0 00000
10 10011
20 01011
30 11000
40 00101
50 10110
60 01110
70 11101
80 00000
90 10011
100 01011
110 11000
120 00101
130 10110
140 01110
150 11101
160 00000
170 10011
180 01011
190 11000
200 00101
210 10110
220 01110
230 11101
240 00000
250 10011
260 01011
270 11000
280 00101
290 10110
300 01110
310 11101
320 00000
330 10011
340 01011
350 11000
360 00101
370 10110
380 01110
390 11101
400 00000
410 10011
420 01011
430 11000
440 00101
450 10110
460 01110
470 11101
480 00000
490 10011
500 01011
510 11000
520 00101
530 10110
540 01110
550 11101
560 00000
570 10011
580 01011
590 11000
600 00101
610 10110
620 01110
630 11101
640 00000
650 10011
660 01011
670 11000
680 00101
690 10110
700 01110
710 11101
720 00000
730 10011
740 01011
750 11000
760 00101
770 10110
780 01110
790 11101
800 00000
810 10011
820 01011
830 11000
840 00101
850 10110
860 01110
870 11101
880 00000
890 10011
900 01011
910 11000
920 00101
930 10110
940 01110
950 11101
960 00000
970 10011
980 01011
990 11000
1000 XXXXX
10000 XXXXX
END
